---
source: tests/integration/cli_full_snapshot.rs
assertion_line: 40
---
{
  "dir": "<dir>",
  "manifest": "manifest.json"
}
