---
source: tests/integration/cli_full_snapshot.rs
assertion_line: 62
---
{
  "generated_at": "[generated]",
  "include_merges": true,
  "include_patch": false,
  "include_unmerged": true,
  "ranges": [
    {
      "file": "report-2025-07.json",
      "label": "2025-07",
      "range": {
        "since": "2025-07-01T00:00:00",
        "until": "2025-08-01T00:00:00"
      }
    },
    {
      "file": "report-2025-08.json",
      "label": "2025-08",
      "range": {
        "since": "2025-08-01T00:00:00",
        "until": "2025-09-01T00:00:00"
      }
    }
  ],
  "repo": "<repo>",
  "split_apart": true
}
